WARNING: We recommend using a newer Android Gradle plugin to use compileSdk = 36

This Android Gradle plugin (8.7.3) was tested up to compileSdk = 35.

You are strongly encouraged to update your project to use a newer
Android Gradle plugin that has been tested with compileSdk = 36.

If you are already using the latest version of the Android Gradle plugin,
you may need to wait until a newer version with support for compileSdk = 36 is available.

For more information refer to the compatibility table:
https://d.android.com/r/tools/api-level-support

To suppress this warning, add/update
    android.suppressUnsupportedCompileSdk=36
to this project's gradle.properties.
> Task :app:clean
> Task :app:preBuild UP-TO-DATE
> Task :app:preDebugBuild UP-TO-DATE
> Task :app:mergeDebugNativeDebugMetadata NO-SOURCE
> Task :app:checkKotlinGradlePluginConfigurationErrors SKIPPED
> Task :app:generateDebugResValues
> Task :app:checkDebugAarMetadata
> Task :app:mapDebugSourceSetPaths
> Task :app:generateDebugResources
> Task :app:packageDebugResources
> Task :app:createDebugCompatibleScreenManifests
> Task :app:extractDeepLinksDebug
> Task :app:parseDebugLocalResources

> Task :app:processDebugMainManifest
[org.tensorflow:tensorflow-lite:2.14.0] C:\Users\KUNAL\.gradle\caches\9.1.0\transforms\6f83b07671069afc49ea9c50122010f7\workspace\transformed\tensorflow-lite-2.14.0\AndroidManifest.xml Warning:
	Namespace 'org.tensorflow.lite' is used in multiple modules and/or libraries: org.tensorflow:tensorflow-lite:2.14.0, org.tensorflow:tensorflow-lite-gpu:2.14.0, org.tensorflow:tensorflow-lite-api:2.14.0. Please ensure that all modules and libraries have a unique namespace. For more information, See https://developer.android.com/studio/build/configure-app-module#set-namespace

> Task :app:processDebugManifest
> Task :app:mergeDebugResources
> Task :app:processDebugManifestForPackage
> Task :app:javaPreCompileDebug
> Task :app:mergeDebugShaders
> Task :app:compileDebugShaders NO-SOURCE
> Task :app:generateDebugAssets UP-TO-DATE
> Task :app:mergeDebugAssets
> Task :app:compressDebugAssets
> Task :app:desugarDebugFileDependencies
> Task :app:mergeDebugJniLibFolders
> Task :app:checkDebugDuplicateClasses
> Task :app:validateSigningDebug
> Task :app:mergeLibDexDebug
> Task :app:writeDebugAppMetadata
> Task :app:writeDebugSigningConfigVersions
> Task :app:mergeDebugNativeLibs

> Task :app:stripDebugDebugSymbols
Unable to strip the following libraries, packaging them as they are: libandroidx.graphics.path.so, libtensorflowlite_gpu_jni.so, libtensorflowlite_jni.so.

> Task :app:processDebugResources

> Task :app:kspDebugKotlin FAILED
./gradlew : e: [ksp] D:/Projects/KnowItAll/app/src/main/java/com/example/know_i
t_all/presentation/ui/screen/main/SkillProfileScreenEnhanced.kt: (127, 18): 
Function declaration must have a name
At line:1 char:1
+ ./gradlew clean assembleDebug 2>&1 | tee build_output.log
+ ~~~~~~~~~~~~~~~~~~~~~~~~~~~~~~~~~~
    + CategoryInfo          : NotSpecified: (e: [ksp] D:/Pro...ust have a name 
   :String) [], RemoteException
    + FullyQualifiedErrorId : NativeCommandError
 
e: Error occurred in KSP, check log for detail
e: file:///D:/Projects/KnowItAll/app/src/main/java/com/example/know_it_all/pres
entation/ui/screen/main/SkillProfileScreenEnhanced.kt:120:33 Expecting an 
element
e: file:///D:/Projects/KnowItAll/app/src/main/java/com/example/know_it_all/pres
entation/ui/screen/main/SkillProfileScreenEnhanced.kt:125:13 Expecting a top 
level declaration
e: file:///D:/Projects/KnowItAll/app/src/main/java/com/example/know_it_all/pres
entation/ui/screen/main/SkillProfileScreenEnhanced.kt:127:13 Expecting a top 
level declaration
e: file:///D:/Projects/KnowItAll/app/src/main/java/com/example/know_it_all/pres
entation/ui/screen/main/SkillProfileScreenEnhanced.kt:127:18 Expecting a top 
level declaration
e: file:///D:/Projects/KnowItAll/app/src/main/java/com/example/know_it_all/pres
entation/ui/screen/main/SkillProfileScreenEnhanced.kt:135:13 Expecting a top 
level declaration
e: file:///D:/Projects/KnowItAll/app/src/main/java/com/example/know_it_all/pres
entation/ui/screen/main/SkillProfileScreenEnhanced.kt:135:16 Expecting a top 
level declaration
e: file:///D:/Projects/KnowItAll/app/src/main/java/com/example/know_it_all/pres
entation/ui/screen/main/SkillProfileScreenEnhanced.kt:135:17 Expecting a top 
level declaration
e: file:///D:/Projects/KnowItAll/app/src/main/java/com/example/know_it_all/pres
entation/ui/screen/main/SkillProfileScreenEnhanced.kt:135:27 Expecting a top 
level declaration
e: file:///D:/Projects/KnowItAll/app/src/main/java/com/example/know_it_all/pres
entation/ui/screen/main/SkillProfileScreenEnhanced.kt:135:28 Expecting a top 
level declaration
e: file:///D:/Projects/KnowItAll/app/src/main/java/com/example/know_it_all/pres
entation/ui/screen/main/SkillProfileScreenEnhanced.kt:135:37 Expecting a top 
level declaration
e: file:///D:/Projects/KnowItAll/app/src/main/java/com/example/know_it_all/pres
entation/ui/screen/main/SkillProfileScreenEnhanced.kt:135:39 Expecting a top 
level declaration
e: file:///D:/Projects/KnowItAll/app/src/main/java/com/example/know_it_all/pres
entation/ui/screen/main/SkillProfileScreenEnhanced.kt:137:15 Expecting a top 
level declaration
e: file:///D:/Projects/KnowItAll/app/src/main/java/com/example/know_it_all/pres
entation/ui/screen/main/SkillProfileScreenEnhanced.kt:137:20 Expecting a top 
level declaration
e: file:///D:/Projects/KnowItAll/app/src/main/java/com/example/know_it_all/pres
entation/ui/screen/main/SkillProfileScreenEnhanced.kt:137:23 Expecting a top 
level declaration
e: file:///D:/Projects/KnowItAll/app/src/main/java/com/example/know_it_all/pres
entation/ui/screen/main/SkillProfileScreenEnhanced.kt:137:24 Expecting a top 
level declaration
e: file:///D:/Projects/KnowItAll/app/src/main/java/com/example/know_it_all/pres
entation/ui/screen/main/SkillProfileScreenEnhanced.kt:137:34 Expecting a top 
level declaration
e: file:///D:/Projects/KnowItAll/app/src/main/java/com/example/know_it_all/pres
entation/ui/screen/main/SkillProfileScreenEnhanced.kt:137:35 Expecting a top 
level declaration
e: file:///D:/Projects/KnowItAll/app/src/main/java/com/example/know_it_all/pres
entation/ui/screen/main/SkillProfileScreenEnhanced.kt:137:45 Expecting a top 
level declaration
e: file:///D:/Projects/KnowItAll/app/src/main/java/com/example/know_it_all/pres
entation/ui/screen/main/SkillProfileScreenEnhanced.kt:137:46 Expecting a top 
level declaration
e: file:///D:/Projects/KnowItAll/app/src/main/java/com/example/know_it_all/pres
entation/ui/screen/main/SkillProfileScreenEnhanced.kt:137:53 Expecting a top 
level declaration
e: file:///D:/Projects/KnowItAll/app/src/main/java/com/example/know_it_all/pres
entation/ui/screen/main/SkillProfileScreenEnhanced.kt:137:54 Expecting a top 
level declaration
e: file:///D:/Projects/KnowItAll/app/src/main/java/com/example/know_it_all/pres
entation/ui/screen/main/SkillProfileScreenEnhanced.kt:137:55 Expecting a top 
level declaration
e: file:///D:/Projects/KnowItAll/app/src/main/java/com/example/know_it_all/pres
entation/ui/screen/main/SkillProfileScreenEnhanced.kt:137:57 Expecting a top 
level declaration
e: file:///D:/Projects/KnowItAll/app/src/main/java/com/example/know_it_all/pres
entation/ui/screen/main/SkillProfileScreenEnhanced.kt:145:15 Expecting a top 
level declaration
e: file:///D:/Projects/KnowItAll/app/src/main/java/com/example/know_it_all/pres
entation/ui/screen/main/SkillProfileScreenEnhanced.kt:145:20 Expecting a top 
level declaration
e: file:///D:/Projects/KnowItAll/app/src/main/java/com/example/know_it_all/pres
entation/ui/screen/main/SkillProfileScreenEnhanced.kt:153:9 Expecting a top 
level declaration
e: file:///D:/Projects/KnowItAll/app/src/main/java/com/example/know_it_all/pres
entation/ui/screen/main/SkillProfileScreenEnhanced.kt:154:5 Expecting a top 
level declaration
e: file:///D:/Projects/KnowItAll/app/src/main/java/com/example/know_it_all/pres
entation/ui/screen/main/SkillProfileScreenEnhanced.kt:155:1 Expecting a top 
level declaration

> Task :app:mergeExtDexDebug

[Incubating] Problems report is available at: file:///D:/Projects/KnowItAll/build/reports/problems/problems-report.html

FAILURE: Build failed with an exception.

* What went wrong:
Execution failed for task ':app:kspDebugKotlin'.
> A failure occurred while executing org.jetbrains.kotlin.compilerRunner.Gradle
CompilerRunnerWithWorkers$GradleKotlinCompilerWorkAction
   > Compilation error. See log for more details

* Try:
> Run with --stacktrace option to get the stack trace.
> Run with --info or --debug option to get more log output.
> Run with --scan to generate a Build Scan (Powered by Develocity).
> Get more help at https://help.gradle.org.

Deprecated Gradle features were used in this build, making it incompatible with Gradle 10.

You can use '--warning-mode all' to show the individual deprecation warnings and determine if they come from your own scripts or plugins.

For more on this, please refer to https://docs.gradle.org/9.1.0/userguide/command_line_interface.html#sec:command_line_warnings in the Gradle documentation.

BUILD FAILED in 10s
29 actionable tasks: 29 executed
